Traceback (most recent call last):
  File "C:\Users\John Sweeney\aws\class7\armageddon\jastekAI\SEIR_Foundations\LAB3\python\galactus_cloudfront_log_explainer.py", line 35, in run
    p = subprocess.run(cmd, check=True, capture_output=True, text=True)
  File "C:\Users\John Sweeney\AppData\Local\Programs\Python\Python313\Lib\subprocess.py", line 577, in run
    raise CalledProcessError(retcode, process.args,
                             output=stdout, stderr=stderr)
subprocess.CalledProcessError: Command '['aws', 's3', 'ls', 's3://Class_Lab3/', '--recursive']' returned non-zero exit status 254.

During handling of the above exception, another exception occurred:

Traceback (most recent call last):
  File "C:\Users\John Sweeney\aws\class7\armageddon\jastekAI\SEIR_Foundations\LAB3\python\galactus_cloudfront_log_explainer.py", line 222, in <module>
    raise SystemExit(main())
                     ~~~~^^
  File "C:\Users\John Sweeney\aws\class7\armageddon\jastekAI\SEIR_Foundations\LAB3\python\galactus_cloudfront_log_explainer.py", line 174, in main
    keys = aws_s3_ls_recursive(args.bucket, args.prefix)
  File "C:\Users\John Sweeney\aws\class7\armageddon\jastekAI\SEIR_Foundations\LAB3\python\galactus_cloudfront_log_explainer.py", line 48, in aws_s3_ls_recursive
    out = run(["aws", "s3", "ls", uri, "--recursive"])
  File "C:\Users\John Sweeney\aws\class7\armageddon\jastekAI\SEIR_Foundations\LAB3\python\galactus_cloudfront_log_explainer.py", line 41, in run
    raise RuntimeError(f"Command failed: {' '.join(cmd)}\n{msg}")
RuntimeError: Command failed: aws s3 ls s3://Class_Lab3/ --recursive
An error occurred (NoSuchBucket) when calling the ListObjectsV2 operation: The specified bucket does not exist
